// Jest Snapshot v1, https://goo.gl/fbAQLP

exports[`Money add should throw an error if your numbers are too big 1`] = `"Your numbers are too big to calculate safely."`;

exports[`Money constructor should throw an error if the value passed to the constructor could not be parsed as a floating point number 1`] = `"Your amount could not be parsed into a floating point number. Please pass an amount that can be parsed as a float."`;

exports[`Money multiply should throw an error if your numbers are too big 1`] = `"Your numbers are too big to calculate safely."`;

exports[`Money subtract should throw an error if your numbers are too big 1`] = `"Your numbers are too big to calculate safely."`;
